<!DOCTYPE html>
<html>
<body>
  <h2>!nested-foobar!</h2>
</body>
</html>
